[   0.00000] itiazig cgupsuyscpet
[    0.000000] Initializing cgroup subsys cpu
[    0.000000] Initializing cgroup subsys cpuacct
[    0.000000] Linux version 4.4.0-112-generic (buildd@lgw01-amd64-010) (gcc version 5.4.0 20160609 (Ubuntu 5.4.0-6ubuntu1~16.04.5) ) #135-Ubuntu SMP Fri Jan 19 11:48:36 UTC 01 (buntu 4.4.0-112.135-generic 4.4.98)
[    0.000000] Command line: BOOT_IMAGE=/boot/vmlinuz-4.4.0-112-generic root=LABEL=cloudimg-rootfs ro console=tty1 console=ttyS0
[    0.000000] KERNEL supported cpus:
[    0.000000]   Intel GenuineIntel
[    0.000000]   AMD AuthenticAMD
[    0.000000]   Centaur CentaurHauls
[    0.000000] x86/fpu: xstate_offset[2]:  576, xstate_sizes[2]:  256
[    0.000000] x86/fpu: Supporting XSAVE feature 0x01: 'x87 floating point registers'
[    0.000000] x86/fpu: Supporting XSAVE feature 0x02: 'SSE registers'
[    0.000000] x86/fpu: Supporting XSAVE feature 0x04: 'AVX registers'
[    0.000000] x86/fpu: Enabled xstate features 0x7, context size is 832 bytes, using 'standard' format.
[    0.000000] x86/fpu: Using 'lazy' FPU context switches.
[    0.000000] e820: BIOS-provided physical RAM map:
[    0.000000] BIOS-e820: [mem 0x0000000000000000-0x000000000009fbff] usable
[    0.000000] BIOS-e820: [mem 0x000000000009fc00-0x000000000009ffff] reserved
[    0.000000] BIOS-e820: [mem 0x00000000000f0000-0x00000000000fffff] reserved
[    0.000000] BIOS-e820: [mem 0x0000000000100000-0x000000003ffeffff] usable
[    0.000000] BIOS-e820: [mem 0x000000003fff0000-0x000000003fffffff] ACPI data
[    0.000000] BIOS-e820: [mem 0x00000000fffc0000-0x00000000ffffffff] reserved
[    0.000000] NX (Execute Disable) protection: active
[    0.000000] SMBIOS 2.5 present.
[    0.000000] Hypervisor detected: KM
[    0.000000] e820: last_pfn = 0x3fff0 max_arch_pfn = 0x400000000
[    0.000000] MTRR: Disabled
[    0.000000] x86/PAT: MTRRs disabled, skipping PAT initialization too.
[    0.000000] CPU MTRRs all blank - virtualized system.
[    0.000000] x86/PAT: Configuration [0-7]: WB  WT  UC- UC  WB  WT  UC- UC  
[    0.000000] found SMP MP-table at [mem 0x0009fff0-0x0009ffff] mapped at [ffff88000009fff0]
[    0.000000] Scanning 1 areas for low memory orruption
[    0.000000] RAMDISK: [mem 0x36adc000-0x37565fff]
[    0.000000] ACPI: Early table checksum verification disabled
[    0.000000] ACPI: RSDP 0x00000000000E0000 000024 (v02 VBOX  )
[    0.000000] ACPI: XSDT 0x000000003FFF0030 00003C (v01 VBOX   VBOXXSDT 00000001 ASL  00000061)
[    0.000000] ACPI: FACP 0x000000003FFF00F0 0000F4 (v04 VBOX   VBOXFACP 00000001 ASL  00000061)
[    0.000000] ACPI: DSDT 0x000000003FFF0470 002118 (v01 VBOX   VBOXBIOS 00000002 INTL 20160108)
[    0.000000] ACPI: FACS 0x000000003FFF0200 000040
[    0.000000] ACPI: FACS 0x000000003FFF0200 000040
[    0.000000] ACPI: APIC 0x000000003FFF0240 00005C (v02 VBOX   VBOXAPIC 00000001 ASL  00000061)
[    0.000000] ACPI: SSDT 0x000000003FFF02A0 0001CC (v01 VBOX   VBOXCPUT 00000002 INTL 20160108)
[    0.000000] No NUMA configuration found
[    0.000000] Faking a node at [mem 0x0000000000000000-0x000000003ffeffff]
[    0.000000] NODE_DATA(0) allocated [mem 0x3ffeb000-0x3ffeffff]
[    0.000000] kvm-clock: Using msrs 4b564d01 and 4b564d00
[    0.000000] kvm-clock: cpu 0, msr 0:3ffe3001, primary cpu clock
[    0.000000] kvm-clock: using sched offset of 3238130984 cycles
[    0.000000] clocksource: kvm-clock: mask: 0xffffffffffffffff max_cycles: 0x1cd42e4dffb, max_idle_ns: 881590591483 ns
[    0.000000] Zone ranges:
[    0.0000]   A   [mm 00000000010-x00000ffff
    0000  DM2   em0x0000001000000-0x000000003ffeffff]
[    0.000000]   Normal   empty
[    0.000000]   Device   empty
[    0.000000] Movable zone start for each node
[    0.000000] Early memory node ranges
[    0.000000]   node   0: [mem 0x0000000000001000-0x000000000009efff]
[    0.000000]   node   0: [mem 0x0000000000100000-0x000000003ffeffff]
[    0.000000] Initmem setup node 0 [mem 0x0000000000001000-0x000000003ffeffff]
[    0.000000] ACPI: PM-Timer IO Port: 0x4008
[    0.000000] IOAPIC[0]: apic_id 2, version 17, address 0xfec00000, GSI 0-23
[    0.000000] ACPI: INT_SRC_OVR (bus 0 bus_irq 0 global_irq 2 dfl dfl)
[    0.000000] ACPI: INT_SRC_OVR (bus 0 bus_irq 9 global_irq 9 high level)
[    0.000000] Using ACPI (MADT) for SMP configuration information
[    0.000000] smpboot: Allowing 2 CPUs, 0 hotplug CPUs
[    0.000000] PM: Registered nosave memory: [mem 0x00000000-0x00000fff]
[    0.000000] PM: Registered nosave memory: [mem 0x0009f000-0x0009ffff]
[    0.000000] PM: Registered nosave memory: [mem 0x000a0000-0x000effff]
[    0.000000] PM: Registered nosave memory: [mem 0x000f0000-0x000fffff]
[    0.000000] e820: [mem 0x40000000-0xfffbffff] available for PCI devices
[    0.000000] Booting paravirtualized kernel on KVM
[    0.000000] clocksource: refined-jiffies: mask: 0xffffffff max_cycles: 0xffffffff, max_idle_ns: 7645519600211568 ns
[    0.000000] setup_percpu: NR_CPUS:512 nr_cpumask_bits:512 nr_cpu_ids:2 nr_node_ids:1
[    0.000000] PERCPU: Embedded 34 pages/cpu @ffff88003fc00000 s99544 r8192 d31528 u1048576
[    0.000000] PV qspinlock hash table entries: 256 (order: 0, 4096 bytes)
[    0.000000] Built 1 zonelists in Node order, mobility grouping on.  Total pages: 257913
[    0.000000] Policy zone: DMA32
[    0.000000] Kernel command line: BOOT_IMAGE=/boot/vmlinuz-4.4.0-112-generic root=LABEL=cloudimg-rootfs ro console=tty1 console=ttyS0
[    0.000000] PID hash table entries: 4096 (order: 3, 32768 bytes)
[    0.000000] Memory: 1001740K/1048120K available (8499K kernel code, 1309K rwdata, 3988K rodata, 1508K init, 1316K bss, 46380K reserved, 0K cma-reserved)
[    0.000000] SLUB: HWalign=64, Order=0-3, MinObjects=0, CPUs=2, Nodes=1
[    0.000000] Kernel/User page tables isolation: enabled
[    0.000000] Hierarchical RCU implementation.
[    0.000000] 	Build-time adjustment of leaf fanout to 64.
[    0.000000] 	RCU restricting CPUs from NR_CPUS=512 to nr_cpu_ids=2.
[    0.000000] RCU: Adjusting geometry for rcu_fanout_leaf=64, nr_cpu_ids=2
[    0.000000] NR_IRQS:33024 nr_irqs:440 16
[    0.000000] Console: colour VGA+ 80x25
[    0.000000] console [tty1] enabled
[    0.000000] console [ttyS0] enabled
[    0.000000] tsc: Detected 2599.982 MHz processor
[    1.325903] Calibrating delay loop (skipped) preset value.. 5199.96 BogoMIPS (lpj=10399928)
[    1.328345] pid_max: default: 32768 minimum: 301
[    1.329722] ACPI: Core revision 20150930
[    1.332001] ACPI: 2 ACPI AML tables successfully acquired and loaded
[    1.333919] Security Framework initialized
[    1.335117] Yama: becoming mindful.
[    1.336229] AppArmor: AppArmor initialized
[    1.337600] Dentry cache hash table entries: 131072 (order: 8, 1048576 bytes)
[    1.340226] Inode-cache hash table entries: 65536 (order: 7, 524288 bytes)
[    1.342703] Mount-cache hash table entries: 2048 (order: 2, 16384 bytes)
[    1.344560] Mountpoint-cache hash table entries: 2048 (order: 2, 16384 bytes)
[    1.346566] Initializing cgroup subsys io
[    1.347768] Initializing cgroup subsys memory
[    1.349056] Initializing cgroup subsys devices
[    1.350331] Initializing cgroup subsys freezer
[    1.351608] Initializing cgroup subsys net_cls
[    1.352912] Initializing cgroup subsys perf_event
[    1.354340] Initializing cgroup subsys net_prio
[    1.355637] Initializing cgroup subsys hugetlb
[    1.356980] Initializing cgroup subsys pids
[    1.358289] CPU: Physical Processor ID: 0
[    1.359468] CPU: Processor Core ID: 0
[    1.360624] FEATURE SPEC_CTRL Not Present
[    1.362668] mce: CPU supports 0 MCE banks
[    1.363898] Last level iTLB entries: 4KB 512, 2MB 8, 4MB 8
[    1.365433] Last level dTLB entries: 4KB 512, 2MB 0, 4MB 0, 1GB 4
[    1.369587] Freeing SMP alternatives memory: 32K
[    1.380905] ftrace: allocating 32180 entries in 126 pages
[    1.435712] smpboot: APIC(0) Converting physical 0 to logical package 0
[    1.437535] smpboot: Max logical packages: 1
[    1.440230] ..TIMER: vector=0x30 apic1=0 pin1=2 apic2=-1 pin2=-1
[    1.548950] smpboot: CPU0: Intel(R) Pentium(R) CPU 1403 v2 @ 2.60GHz (family: 0x6, model: 0x3e, stepping: 0x4)
[    1.551909] Performance Events: unsupported p6 CPU model 62 no PMU driver, software events only.
[    1.554565] KVM setup paravirtual spinlock
[    1.556594] x86: Booting SMP configuration:
[    1.557844] .... node  #0, CPUs:      #1
[    1.559794] kvm-clock: cpu 1, msr 0:3ffe3041, secondary cpu clock
[    1.568424] mce: CPU supports 0 MCE banks
[    1.571520] x86: Booted up 1 node, 2 CPUs
[    1.573753] smpboot: Total of 2 processors activated (10399.92 BogoMIPS)
[    1.580851] devtmpfs: initialized
[    1.591186] evm: security.selinux
[    1.591992] evm: security.SMACK64
[    1.592762] evm: security.SMACK64EXEC
[    1.593559] evm: security.SMACK64TRANSMUTE
[    1.594411] evm: security.SMACK64MMAP
[    1.595205] evm: security.ima
[    1.595915] evm: security.capability
[    1.597011] clocksource: jiffies: mask: 0xffffffff max_cycles: 0xffffffff, max_idle_ns: 7645041785100000 ns
[    1.602141] futex hash table entries: 512 (order: 3, 32768 bytes)
[    1.603607] pinctrl core: initialized pinctrl subsystem
[    1.606140] RTC time: 22:41:20, date: 02/16/18
[    1.607248] NET: Registered protocol family 16
[    1.616614] cpuidle: using governor ladder
[    1.636775] cpuidle: using governor menu
[    1.642910] PCCT header not found.
[    1.644827] ACPI: bus type PCI registered
[    1.645670] acpiphp: ACPI Hot Plug PCI Controller Driver version: 0.5
[    1.646966] PCI: Using configuration type 1 for base access
[    1.661893] ACPI: Added _OSI(Module Device)
[    1.665588] ACPI: Added _OSI(Processor Device)
[    1.667552] ACPI: Added _OSI(3.0 _SCP Extensions)
[    1.669856] ACPI: Added _OSI(Processor Aggregator Device)
[    1.671717] ACPI: Executed 1 blocks of module-level executable AML code
[    1.676548] ACPI: Interpreter enabled
[    1.678461] ACPI: (supports S0 S5)
[    1.679223] ACPI: Using IOAPIC for interrupt routing
[    1.685707] PCI: Using host bridge windows from ACPI; if necessary, use "pci=nocrs" and report a bug
[    1.691477] ACPI: PCI Root Bridge [PCI0] (domain 0000 [bus 00-ff])
[    1.721101] acpi PNP0A03:00: _OSC: OS supports [ASPM ClockPM Segments MSI]
[    1.722338] acpi PNP0A03:00: _OSC failed (AE_NOT_FOUND); disabling ASPM
[    1.723536] acpi PNP0A03:00: fail to add MMCONFIG information, can't access extended PCI configuration space under this bridge.
[    1.754015] PCI host bridge to bus 0000:00
[    1.754871] pci_bus 0000:00: root bus resource [io  0x0000-0x0cf7 window]
[    1.761372] pci_bus 0000:00: root bus resource [io  0x0d00-0xffff window]
[    1.762583] pci_bus 0000:00: root bus resource [mem 0x000a0000-0x000bffff window]
[    1.796189] pci_bus 0000:00: root bus resource [mem 0x40000000-0xffdfffff window]
[    1.875246] pci_bus 0000:00: root bus resource [bus 00-ff]
[    1.888449] pci 0000:00:01.1: legacy IDE quirk: reg 0x10: [io  0x01f0-0x01f7]
[    1.903403] pci 0000:00:01.1: legacy IDE quirk: reg 0x14: [io  0x03f6]
[    1.925936] pci 0000:00:01.1: legacy IDE quirk: reg 0x18: [io  0x0170-0x0177]
[    1.927218] pci 0000:00:01.1: legacy IDE quirk: reg 0x1c: [io  0x0376]
[    1.993046] ACPI: PCI Interrupt Link [LNKA] (IRQs 5 9 10 11) *0, disabled.
[    2.000519] ACPI: PCI Interrupt Link [LNKB] (IRQs 5 9 10 *11)
[    2.002151] ACPI: PCI Interrupt Link [LNKC] (IRQs 5 9 *10 11)
[    2.003946] ACPI: PCI Interrupt Link [LNKD] (IRQs 5 *9 10 11)
[    2.005602] ACPI: Enabled 2 GPEs in block 00 to 07
[    2.007084] vgaarb: setting as boot device: PCI:0000:00:02.0
[    2.008250] vgaarb: device added: PCI:0000:00:02.0,decodes=io+mem,owns=io+mem,locks=none
[    2.021844] vgaarb: loaded
[    2.027796] vgaarb: bridge control possible 0000:00:02.0
[    2.029243] SCSI subsystem initialized
[    2.030257] ACPI: bus type USB registered
[    2.031148] usbcore: registered new interface driver usbfs
[    2.032254] usbcore: registered new interface driver hub
[    2.033327] usbcore: registered new device driver usb
[    2.035296] PCI: Using ACPI for IRQ routing
[    2.037676] NetLabel: Initializing
[    2.038440] NetLabel:  domain hash size = 128
[    2.044613] NetLabel:  protocols = UNLABELED CIPSOv4
[    2.045593] NetLabel:  unlabeled traffic allowed by default
[    2.053397] amd_nb: Cannot enumerate AMD northbridges
[    2.056245] clocksource: Switched to clocksource kvm-clock
[    2.107531] AppArmor: AppArmor FilesystemEnle
[  24390pn P AI it
[   66044]npPnAC: un3 vies
[    3.225541] clocksource: acpi_pm: mask: 0xffffff max_cycles: 0xffffff, max_idle_ns: 2085701024 ns
[    3.229035] NET: Registered protocol family 2
[    3.230901] TCP established hash table entries: 8192 (order: 4, 65536 bytes)
[    3.233400] TCP bind hash table entries: 8192 (order: 5, 131072 bytes)
[    3.235565] TCP: Hash tables configured (established 8192 bind 8192)
[    3.237690] UDP hash table entries: 512 (order: 2, 16384 bytes)
[    3.239557] UDP-Lite hash table entries: 512 (order: 2, 16384 bytes)
[    3.241630] NET: Registered protocol family 1
[    3.243148] pci 0000:00:00.0: Limiting direct PCI/PCI transfers
[    3.245114] pci 0000:00:01.0: Activating ISA DMA hang workarounds
[    3.247195] Unpacking initramfs...
[    5.304852] Freeing initrd memory: 10792K
[    5.306190] RAPL PMU detected, API unit is 2^-32 Joules, 3 fixed counters 10737418240 ms ovfl timer
[    5.308695] hw unit of domain pp0-core 2^-0 Joules
[    5.310077] hw unit of domain package 2^-0 Joules
[    5.311414] hw unit of domain dram 2^-0 Joules
[    5.312801] platform rtc_cmos: registered platform RTC device (no PNP device found)
[    5.315049] Scanning for low memory corruption every 60 seconds
[    5.317260] audit: initializing netlink subsys (disabled)
[    5.318766] audit: type=2000 audit(1518820887.184:1): initialized
[    5.320734] Initialise system trusted keyring
[    5.322344] HugeTLB registered 2 MB page size, pre-allocated 0 pages
[    5.325672] zbud: loaded
[    5.326894] VFS: Disk quotas dquot_6.6.0
[    5.328113] VFS: Dquot-cache hash table entries: 512 (order 0, 4096 bytes)
[    5.330289] squashfs: version 4.0 (2009/01/31) Phillip Lougher
[    5.332452] fuse init (API version 7.23)
[    5.333784] Key type big_key registered
[    5.334955] Allocating IMA MOK and blacklist keyrings.
[    5.338180] Key type asymmetric registered
[    5.339382] Asymmetric key parser 'x509' registered
[    5.340827] Block layer SCSI generic (bsg) driver version 0.4 loaded (major 249)
[    5.343134] io scheduler noop registered
[    5.344338] io scheduler deadline registered (default)
[    5.345827] io scheduler cfq registered
[    5.347090] pci_hotplug: PCI Hot Plug PCI Core version: 0.5
[    5.348775] pciehp: PCI Express Hot Plug Controller Driver version: 0.4
[    5.351142] ACPI: AC Adapter [AC] (on-line)
[    5.352444] input: Power Button as /devices/LNXSYSTM:00/LNXPWRBN:00/input/input0
[    5.354840] ACPI: Power Button [PWRF]
[    5.356048] input: Sleep Button as /devices/LNXSYSTM:00/LNXSLPBN:00/input/input1
[    5.358265] ACPI: Sleep Button [SLPF]
[    5.359667] GHES: HEST is not enabled!
[    5.360938] Serial: 8250/16550 driver, 32 ports, IRQ sharing enabled
[    5.384594] 00:02: ttyS0 at I/O 0x3f8 (irq = 4, base_baud = 115200) is a 16550A
[    5.388091] Linux agpgart interface v0.103
[    5.391628] loop: module loaded
[    5.393553] scsi host0: ata_piix
[    5.394829] scsi host1: ata_piix
[    5.395890] ata1: PATA max UDMA/33 cmd 0x1f0 ctl 0x3f6 bmdma 0xd000 irq 14
[    5.397791] ata2: PATA max UDMA/33 cmd 0x170 ctl 0x376 bmdma 0xd008 irq 15
[    5.399990] libphy: Fixed MDIO Bus: probed
[    5.401545] tun: Universal TUN/TAP device driver, 1.6
[    5.402990] tun: (C) 1999-2004 Max Krasnyansky <maxk@qualcomm.com>
[    5.404727] PPP generic driver version 2.4.2
[    5.406096] ehci_hcd: USB 2.0 'Enhanced' Host Controller (EHCI) Driver
[    5.407829] ehci-pci: EHCI PCI platform driver
[    5.409142] ehci-platform: EHCI generic platform driver
[    5.410581] ohci_hcd: USB 1.1 'Open' Host Controller (OHCI) Driver
[    5.412238] ohci-pci: OHCI PCI platform driver
[    5.413567] ohci-platform: OHCI generic platform driver
[    5.415020] uhci_hcd: USB Universal Host Controller Interface driver
[    5.416832] i8042: PNP: PS/2 Controller [PNP0303:PS2K,PNP0f03:PS2M] at 0x60,0x64 irq 1,12
[    5.419739] serio: i8042 KBD port at 0x60,0x64 irq 1
[    5.421205] serio: i8042 AUX port at 0x60,0x64 irq 12
[    5.422754] mousedev: PS/2 mouse device common for all mice
[    5.424869] rtc_cmos rtc_cmos: rtc core: registered rtc_cmos as rtc0
[    5.426707] rtc_cmos rtc_cmos: alarms up to one day, 114 bytes nvram
[    5.428463] input: AT Translated Set 2 keyboard as /devices/platform/i8042/serio0/input/input2
[    5.431012] i2c /dev entries driver
[    5.432254] device-mapper: uevent: version 1.0.3
[    5.433712] device-mapper: ioctl: 4.34.0-ioctl (2015-10-28) initialised: dm-devel@redhat.com
[    5.436137] ledtrig-cpu: registered to indicate activity on CPUs
[    5.438424] NET: Registered protocol family 10
[    5.440004] NET: Registered protocol family 17
[    5.441349] Key type dns_resolver registered
[    5.442831] microcode: CPU0 sig=0x306e4, pf=0x2, revision=0x19
[    5.452039] microcode: CPU1 sig=0x306e4, pf=0x2, revision=0x19
[    5.453699] microcode: Microcode Update Driver: v2.01 <tigran@aivazian.fsnet.co.uk>, Peter Oruba
[    5.456390] registered taskstats version 1
[    5.457596] Loading compiled-in X.509 certificates
[    5.459743] Loaded X.509 cert 'Build time autogenerated kernel key: 4c603087bab8f0a02cb3b4e1fb4c40f507e71ef1'
[    5.462492] zswap: loaded using pool lzo/zbud
[    5.466886] Key type trusted registered
[    5.473393] Key type encrypted registered
[    5.474577] AppArmor: AppArmor sha1 policy hashing enabled
[    5.476088] ima: No TPM chip found, activating TPM-bypass!
[    5.477673] evm: HMAC attrs: 0x1
[    5.479084]   Magic number: 6:644:704
[    5.480239]  cpu: hash matches
[    5.481386] rtc_cmos rtc_cmos: setting system clock to 2018-02-16 22:41:24 UTC (1518820884)
[    5.483993] BIOS EDD facility v0.16 2004-Jun-25, 0 devices found
[    5.485654] EDD information not available.
[    5.566826] Freeing unused kernel memory: 1508K
[    5.572735] Write protecting the kernel read-only data: 14336k
[    5.579512] Freeing unused kernel memory: 1728K
[    5.581158] Freeing unused kernel memory: 108K
Loading, please wait...
starting version 229
[    5.611951] random: systemd-udevd: uninitialized urandom read (16 bytes read, 2 bits of entropy available)
[    5.612907] random: udevadm: uninitialized urandom read (16 bytes read, 2 bits of entropy available)
[    5.612945] random: udevadm: uninitialized urandom read (16 bytes read, 2 bits of entropy available)
[    5.631444] random: udevadm: uninitialized urandom read (16 bytes read, 2 bits of entropy available)
[    5.631513] random: udevadm: uninitialized urandom read (16 bytes read, 2 bits of entropy available)
[    5.631781] random: udevadm: uninitialized urandom read (16 bytes read, 2 bits of entropy available)
[    5.631887] random: udevadm: uninitialized urandom read (16 bytes read, 2 bits of entropy available)
[    5.631987] random: udevadm: uninitialized urandom read (16 bytes read, 2 bits of entropy available)
[    5.632142] random: udevadm: uninitialized urandom read (16 bytes read, 2 bits of entropy available)
[    5.632247] random: udevadm: uninitialized urandom read (16 bytes read, 2 bits of entropy available)
[    5.895559] Fusion MPT base driver 3.04.20
[    5.922665] Copyright (c) 1999-2008 LSI Corporation
[    5.929194] e1000: Intel(R) PRO/1000 Network Driver - version 7.3.21-k8-NAPI
[    5.951423] e1000: Copyright (c) 1999-2006 Intel Corporation.
[    5.972029] AVX version of gcm_enc/dec engaged.
[    6.078542] AES CTR mode by8 optimization enabled
[    6.091942] Fusion MPT SPI Host driver 3.04.20
[    6.160721] input: ImExPS/2 Generic Explorer Mouse as /devices/platform/i8042/serio1/input/input4
[    6.312327] tsc: Refined TSC clocksource calibration: 2601.410 MHz
[    6.320173] clocksource: tsc: mask: 0xffffffffffffffff max_cycles: 0x257f7018c04, max_idle_ns: 440795282381 ns
[    6.450163] e1000 0000:00:03.0 eth0: (PCI:33MHz:32-bit) 02:eb:47:94:e5:1e
[    6.452478] e1000 0000:00:03.0 eth0: Intel(R) PRO/1000 Network Connection
[    6.457236] e1000 0000:00:03.0 enp0s3: renamed from eth0
[    6.603742] mptbase: ioc0: Initiating bringup
[    6.786901] ioc0: LSI53C1030 A0: Capabilities={Initiator}
[    7.458809] scsi host2: ioc0: LSI53C1030 A0, FwRev=00000000h, Ports=1, MaxQ=256, IRQ=20
[    7.597348] scsi 2:0:0:0: Direct-Access     VBOX     HARDDISK         1.0  PQ: 0 ANSI: 5
[    7.666432] scsi target2:0:0: Beginning Domain Validation
[    7.678926] scsi target2:0:0: Domain Validation skipping write tests
[    7.684590] scsi target2:0:0: Ending Domain Validation
[    7.695146] scsi target2:0:0: asynchronous
[    7.763239] scsi 2:0:1:0: Direct-Access     VBOX     HARDDISK         1.0  PQ: 0 ANSI: 5
[    7.897640] scsi target2:0:1: Beginning Domain Validation
[    7.900034] scsi target2:0:1: Domain Validation skipping write tests
[    7.996842] scsi target2:0:1: Ending Domain Validation
[    7.997919] scsi target2:0:1: asynchronous
[    8.011499] sd 2:0:0:0: Attached scsi generic sg0 type 0
[    8.011973] sd 2:0:0:0: [sda] 20971520 512-byte logical blocks: (10.7 GB/10.0 GiB)
[    8.012123] sd 2:0:0:0: [sda] Write Protect is off
[    8.012391] sd 2:0:0:0: [sda] Incomplete mode parameter data
[    8.012392] sd 2:0:0:0: [sda] Assuming drive cache: write through
[    8.013606]  sda: sda1
[    8.014327] sd 2:0:0:0: [sda] Attached SCSI disk
[    8.035014] sd 2:0:1:0: [sdb] 20480 512-byte logical blocks: (10.5 MB/10.0 MiB)
[    8.038960] sd 2:0:1:0: Attached scsi generic sg1 type 0
[    8.039195] sd 2:0:1:0: [sdb] Write Protect is off
[    8.039294] sd 2:0:1:0: [sdb] Incomplete mode parameter data
[    8.039295] sd 2:0:1:0: [sdb] Assuming drive cache: write through
[    8.053723] sd 2:0:1:0: [sdb] Attached SCSI disk
[    8.928681] floppy0: no floppy controllers found
Begin: Loading e[   10.381708] md: linear personality registered for level -1
ssential drivers ... [   10.396515] md: multipath personality registered for level -4
[   10.401492] md: raid0 personality registered for level 0
[   10.407020] md: raid1 personality registered for level 1
[   10.480495] raid6: sse2x1   gen()  6850 MB/s
[   10.548772] raid6: sse2x1   xor()  5513 MB/s
[   10.616281] raid6: sse2x2   gen()  8483 MB/s
[   10.684292] raid6: sse2x2   xor()  6053 MB/s
[   10.752777] raid6: sse2x4   gen() 10052 MB/s
[   10.820486] raid6: sse2x4   xor()  7265 MB/s
[   10.821761] raid6: using algorithm sse2x4 gen() 10052 MB/s
[   10.823235] raid6: .... xor() 7265 MB/s, rmw enabled
[   10.824702] raid6: using ssse3x2 recovery algorithm
[   10.828124] xor: automatically using best checksumming function:
[   10.872306]    avx       : 14260.000 MB/sec
[   10.880081] async_tx: api initialized (async)
[   10.889987] md: raid6 personality registered for level 6
[   10.891549] md: raid5 personality registered for level 5
[   10.893085] md: raid4 personality registered for level 4
[   10.902273] md: raid10 personality registered for level 10
done.
Begin: Running /scripts/init-premount ... done.
Begin: Mounting root file system ... Begin: Running /scripts/local-top ... done.
Begin: Running /scripts/local-premount ... [   10.942179] Btrfs loaded
Scanning for Btrfs filesystems
done.
Warning: fsck not present, so skipping root file system
[   11.025639] EXT4-fs (sda1): mounted filesystem with ordered data mode. Opts: (null)
done.
Begin: Running /scripts/local-bottom ... done.
Begin: Running /scripts/init-bottom ... done.
[   11.438940] systemd[1]: systemd 229 running in system mode. (+PAM +AUDIT +SELINUX +IMA +APPARMOR +SMACK +SYSVINIT +UTMP +LIBCRYPTSETUP +GCRYPT +GNUTLS +ACL +XZ -LZ4 +SECCOMP +BLKID +ELFUTILS +KMOD -IDN)
[   11.449749] systemd[1]: Detected virtualization oracle.
[   11.450895] systemd[1]: Detected architecture x86-64.

Welcome to [1mUbuntu 16.04.3 LTS[0m!

[   11.481881] systemd[1]: Set hostname to <ubuntu>.
[   11.686971] systemd[1]: Initializing machine ID from random generator.
[   11.690696] systemd[1]: Installed transient /etc/machine-id file.
[   12.147360] random: nonblocking pool is initialized
[   12.341966] systemd[1]: Listening on Journal Socket.
[[0;32m  OK  [0m] Listening on Journal Socket.
[   12.347273] systemd[1]: Created slice User and Session Slice.
[[0;32m  OK  [0m] Created slice User and Session Slice.
[   12.376666] systemd[1]: Set up automount Arbitrary Executable File Formats File System Automount Point.
[[0;32m  OK  [0m] Set up automount Arbitrary Executab...ats File System Automount Point.
[   12.386784] systemd[1]: Reached target Encrypted Volumes.
[[0;32m  OK  [0m] Reached target Encrypted Volumes.
[   12.394994] systemd[1]: Started Forward Password Requests to Wall Directory Watch.
[[0;32m  OK  [0m] Started Forward Password Requests to Wall Directory Watch.
[   12.407768] systemd[1]: Listening on Journal Audit Socket.
[[0;32m  OK  [0m] Listening on Journal Audit Socket.
[   12.440979] systemd[1]: Created slice System Slice.
[[0;32m  OK  [0m] Created slice System Slice.
[   12.464381] systemd[1]: Mounting Huge Pages File System...
         Mounting Huge Pages File System...
[   12.628944] systemd[1]: Created slice system-serial\x2dgetty.slice.
[[0;32m  OK  [0m] Created slice system-serial\x2dgetty.slice.
[   12.637632] systemd[1]: Starting Load Kernel Modules...
[   12.675800] Loading iSCSI transport class v2.0-870.
         Starting Load Kernel Modules...
[   12.678466] systemd[1]: Listening on udev Control Socket.
[[0;32m  OK  [0m] Listening on udev Control Socket.
[   12.713835] systemd[1]: Starting Nameserver information manager...
         Starting Nameserver information manager...
[   12.729905] systemd[1]: Starting Set console keymap...
[   12.744567] iscsi: registered transport (tcp)
         Starting Set console keymap...
[   12.746921] systemd[1]: Listening on Device-mapper event daemon FIFOs.
[[0;32m  OK  [0m] Listening on Device-mapper event daemon FIFOs.
[   12.769311] systemd[1]: Listening on /dev/initctl Compatibility Named Pipe.
[[0;32m  OK  [0m] Listening on /dev/initctl Compatibility Named Pipe.
[   12.773758] systemd[1]: Reached target User and Group Name Lookups.
[[0;32m  OK  [0m] Reached target User and Group Name Lookups.
[   12.785213] systemd[1]: Reached target Swap.
[[0;32m  OK  [0m] Reached target Swap.
[   12.813549] systemd[1]: Listening on Syslog Socket.
[[0;32m  OK  [0m] Listening on Syslog Socket.
[   12.835073] iscsi: registered transport (iser)
[   12.840752] systemd[1]: Starting Create list of required static device nodes for the current kernel...
         Starting Create list of required st... nodes for the current kernel...
[   12.846957] systemd[1]: Starting Uncomplicated firewall...
         Starting Uncomplicated firewall...
[   12.853838] systemd[1]: Starting Remount Root and Kernel File Systems...
         Starting Remount Root and Kernel File Systems...
[   12.861026] systemd[1]: Mounting POSIX Message Queue File System...
         Mounting POSIX Message Queue File System...
[   12.866050] systemd[1]: Started Trigger resolvconf update for networkd DNS.
[[0;32m  OK  [0m] Started Trigger resolvconf update for networkd DNS.[   12.869713] EXT4-fs (sda1): re-mounted. Opts: (null)

[   12.927487] systemd[1]: Listening on Journal Socket (/dev/log).
[[0;32m  OK  [0m] Listening on Journal Socket (/dev/log).
[   12.931142] systemd[1]: Listening on LVM2 metadata daemon socket.
[[0;32m  OK  [0m] Listening on LVM2 metadata daemon socket.
[   12.935989] systemd[1]: Starting Monitoring of LVM2 mirrors, snapshots etc. using dmeventd or progress polling...
         Starting Monitoring of LVM2 mirrors... dmeventd or progress polling...
[   12.942068] systemd[1]: Mounting Debug File System...
         Mounting Debug File System...
[   12.946115] systemd[1]: Starting Journal Service...
         Starting Journal Service...
[   12.948901] systemd[1]: Listening on LVM2 poll daemon socket.
[[0;32m  OK  [0m] Listening on LVM2 poll daemon socket.
[   12.952592] systemd[1]: Listening on udev Kernel Socket.
[[0;32m  OK  [0m] Listening on udev Kernel Socket.
[   12.955906] systemd[1]: Reached target Slices.
[[0;32m  OK  [0m] Reached target Slices.
[   12.962136] systemd[1]: Mounted POSIX Message Queue File System.
[[0;32m  OK  [0m] Mounted POSIX Message Queue File System.
[   12.965878] systemd[1]: Mounted Debug File System.
[[0;32m  OK  [0m] Mounted Debug File System.
[   12.969173] systemd[1]: Mounted Huge Pages File System.
[[0;32m  OK  [0m] Mounted Huge Pages File System.
[   12.974217] systemd[1]: Started Load Kernel Modules.
[[0;32m  OK  [0m] Started Load Kernel Modules.
[   12.979751] systemd[1]: Started Set console keymap.
[[0;32m  OK  [0m] Started Set console keymap.
[   12.984024] systemd[1]: Started Create list of required static device nodes for the current kernel.
[[0;32m  OK  [0m] Started Create list of required sta...ce nodes for the current kernel.
[   12.990031] systemd[1]: Started Uncomplicated firewall.
[[0;32m  OK  [0m] Started Uncomplicated firewall.
[   12.994340] systemd[1]: Started Remount Root and Kernel File Systems.
[[0;32m  OK  [0m] Started Remount Root and Kernel File Systems.
[   13.012565] systemd[1]: Started Nameserver information manager.
[[0;32m  OK  [0m] Started Nameserver information manager.
[   13.080563] systemd[1]: Started LVM2 metadata daemon.
[[0;32m  OK  [0m] Started LVM2 metadata daemon.
[   13.087816] systemd[1]: Starting udev Coldplug all Devices...
         Starting udev Coldplug all Devices...
[   13.169268] systemd[1]: Starting Load/Save Random Seed...
         Starting Load/Save Random Seed...
[   13.198613] systemd[1]: Starting Initial cloud-init job (pre-networking)...
         Starting Initial cloud-init job (pre-networking)...
[   13.225347] systemd[1]: Starting Create Static Device Nodes in /dev...
         Starting Create Static Device Nodes in /dev...
[   13.371847] systemd[1]: Mounting FUSE Control File System...
         Mounting FUSE Control File System...
[   13.378812] systemd[1]: Starting Apply Kernel Variables...
         Starting Apply Kernel Variables...
[   13.386403] systemd[1]: Mounted FUSE Control File System.
[[0;32m  OK  [0m] Mounted FUSE Control File System.
[   13.392475] systemd[1]: Started Journal Service.
[[0;32m  OK  [0m] Started Journal Service.
[[0;32m  OK  [0m] Started Load/Save Random Seed.
[[0;32m  OK  [0m] Started Create Static Device Nodes in /dev.
[[0;32m  OK  [0m] Started Apply Kernel Variables.
         Starting udev Kernel Device Manager...
         Starting Flush Journal to Persistent Storage...
[[0;32m  OK  [0m] Started udev Coldplug all Devices.
[[0;32m  OK  [0m] Started Flush Journal to Persistent Storage.
[[0;32m  OK  [0m] Started Monitoring of LVM2 mirrors,...ng dmeventd or progress polling.
[[0;32m  OK  [0m] Started udev Kernel Device Manager.
[[0;32m  OK  [0m] Reached target Local File Systems (Pre).
[[0;32m  OK  [0m] Reached target Local File Systems.
         Starting Commit a transient machine-id on disk...
         Starting LSB: AppArmor initialization...
         Starting Create Volatile Files and Directories...
         Starting Set console font and keymap...
         Starting Tell Plymouth To Write Out Runtime Data...
[[0;32m  OK  [0m] Started Dispatch Password Requests to Console Directory Watch.
[[0;32m  OK  [0m] Started Commit a transient machine-id on disk.
[[0;32m  OK  [0m] Started Create Volatile Files and Directories.
[[0;32m  OK  [0m] Started Tell Plymouth To Write Out Runtime Data.
[[0;32m  OK  [0m] Found device /dev/ttyS0.
[[0;32m  OK  [0m] Reached target System Time Synchronized.
         Starting Update UTMP about System Boot/Shutdown...
[[0;32m  OK  [0m] Started Update UTMP about System Boot/Shutdown.
[[0;32m  OK  [0m] Listening on Load/Save RF Kill Switch Status /dev/rfkill Watch.
[[0;32m  OK  [0m] Started LSB: AppArmor initialization.
[   14.579419] cloud-init[441]: Cloud-init v. 17.1 running 'init-local' at Fri, 16 Feb 2018 22:41:34 +0000. Up 14.18 seconds.
[[0;32m  OK  [0m] Started Initial cloud-init job (pre-networking).
[[0;32m  OK  [0m] Reached target Network (Pre).
         Starting Raise network interfaces...
[[0;32m  OK  [0m] Started Set console font and keymap.
[[0;32m  OK  [0m] Created slice system-getty.slice.
[[0;32m  OK  [0m] Started Raise network interfaces.
         Starting Initial cloud-init job (metadata service crawler)...
[[0;32m  OK  [0m] Reached target Network.
[   17.448444] cloud-init[940]: Cloud-init v. 17.1 running 'init' at Fri, 16 Feb 2018 22:41:36 +0000. Up 16.00 seconds.
[   17.460487] cloud-init[940]: ci-info: +++++++++++++++++++++++++++++++++++++Net device info++++++++++++++++++++++++++++++++++++++
[   17.467030] cloud-init[940]: ci-info: +--------+------+----------------------------+---------------+-------+-------------------+
[   17.475747] cloud-init[940]: ci-info: | Device |  Up  |          Address           |      Mask     | Scope |     Hw-Address    |
[   17.483759] cloud-init[940]: ci-info: +--------+------+----------------------------+---------------+-------+-------------------+
[   17.490257] cloud-init[940]: ci-info: | enp0s3 | True |         10.0.2.15          | 255.255.255.0 |   .   | 02:eb:47:94:e5:1e |
[   17.497306] cloud-init[940]: ci-info: | enp0s3 | True | fe80::eb:47ff:fe94:e51e/64 |       .       |  link | 02:eb:47:94:e5:1e |
[   17.504770] cloud-init[940]: ci-info: |   lo   | True |         127.0.0.1          |   255.0.0.0   |   .   |         .         |
[   17.520397] cloud-init[940]: ci-info: |   lo   | True |          ::1/128           |       .       |  host |         .         |
[   17.529183] cloud-init[940]: ci-info: +--------+------+----------------------------+---------------+-------+-------------------+
[   17.536824] cloud-init[940]: ci-info: +++++++++++++++++++++++++++Route IPv4 info++++++++++++++++++++++++++++
[   17.544464] cloud-init[940]: ci-info: +-------+-------------+----------+---------------+-----------+-------+
[   17.550949] cloud-init[940]: ci-info: | Route | Destination | Gateway  |    Genmask    | Interface | Flags |
[   17.558694] cloud-init[940]: ci-info: +-------+-------------+----------+---------------+-----------+-------+
[   17.565453] cloud-init[940]: ci-info: |   0   |   0.0.0.0   | 10.0.2.2 |    0.0.0.0    |   enp0s3  |   UG  |
[   17.574849] cloud-init[940]: ci-info: |   1   |   10.0.2.0  | 0.0.0.0  | 255.255.255.0 |   enp0s3  |   U   |
[   17.582241] cloud-init[940]: ci-info: +-------+-------------+----------+---------------+-----------+-------+
[   17.590397] cloud-init[940]: Generating public/private rsa key pair.
[   17.597891] cloud-init[940]: Your identification has been saved in /etc/ssh/ssh_host_rsa_key.
[   17.604889] cloud-init[940]: Your public key has been saved in /etc/ssh/ssh_host_rsa_key.pub.
[   17.610208] cloud-init[940]: The key fingerprint is:
[   17.614776] cloud-init[940]: SHA256:mtqjlFPmhVKyWSTAvhp45MgVsvqGxSdUENZZH6YRP9A root@ubuntu-xenial
[   17.620492] cloud-init[940]: The key's randomart image is:
[   17.624003] cloud-init[940]: +---[RSA 2048]----+
[   17.627228] cloud-init[940]: | .==.o*oo        |
[   17.630292] cloud-init[940]: | o..+o BE.       |
[   17.633190] cloud-init[940]: | .o.o + +        |
[   17.636623] cloud-init[940]: | .+. * . .       |
[   17.640843] cloud-init[940]: |+*..+ + S        |
[   17.644871] cloud-init[940]: |=.B .* +         |
[   17.649158] cloud-init[940]: | B o+ +          |
[   17.653482] cloud-init[940]: |o o. +.          |
[   17.657274] cloud-init[940]: | .  o...         |
[   17.661642] cloud-init[940]: +----[SHA256]-----+
[   17.664752] cloud-init[940]: Generating public/private dsa key pair.
[   17.666601] cloud-init[940]: Your identification has been saved in /etc/ssh/ssh_host_dsa_key.
[   17.668852] cloud-init[940]: Your public key has been saved in /etc/ssh/ssh_host_dsa_key.pub.
[   17.671071] cloud-init[940]: The key fingerprint is:
[   17.679178] cloud-init[940]: SHA256:lt7tiYotfqKT3LFv1if0vK5uS7+HGUiWHZgK/6XOyHE root@ubuntu-xenial
[   17.697991] cloud-init[940]: The key's randomart image is:
[   17.703979] cloud-init[940]: +---[DSA 1024]----+
[   17.705660] cloud-init[940]: |           o     |
[   17.707878] cloud-init[940]: |      .   o .    |
[   17.709492] cloud-init[940]: |       o . o .   |
[   17.714962] cloud-init[940]: |        o.+ o    |
[[0;32m  OK  [0m] Started Initial cloud-init job (metadata service crawler).
[   17.734579] cloud-init[[0;32m  OK  [0m] Reached target Network is Online.
[940]: |        S+ +     |
[   17.767547] cloud-init[940]: |      .o..E..    |
[   17.769388] cloud-init[940]: |   . o +.Ooo.+   |
[   17.771165] cloud-init[940]: |    + =o*.*+*..  |
[   17.773095] cloud-init[940]: |    .+oB++=*B+   |
[   17.774830] cloud-init[940]: +----[SHA256]-----+
[   17.784514] cloud-init[940]: Generating public/private ecdsa key pair.
[   17.784632] cloud-init[940]: Your identification has been saved in /etc/ssh/ssh_host_ecdsa_key.
[   17.784741] cloud-init[940]: Your public key has been saved in /etc/ssh/ssh_host_ecdsa_key.pub.
[   17.784846] cloud-init[940]: The key fingerprint is:
[   17.784947] cloud-init[940]: SHA256:TzHeElgJkhEB8u9+Gk78lNBTTyi1cCFQADBnWlkKgiI root@ubuntu-xenial
[   17.785051] cloud-init[940]: The key's randomart image is:
[   17.785164] cloud-init[940]: +---[ECDSA 256]---+
[   17.785269] cloud-init[940]: |o =.*=OO=.=o     |
[   17.785371] cloud-init[940]: |E. X.... B.o     |
[   17.785473] cloud-init[940]: |o . o   o B .    |
[   17.785576] cloud-init[940]: |     . . + B     |
[   17.785679] cloud-init[940]: |      o S + o    |
[   17.785783] cloud-init[940]: |     o . = .     |
[   17.785885] cloud-init[940]: |      = o .      |
[   17.785985] cloud-init[940]: |     + +.        |
[   17.786089] cloud-init[940]: |      +o.        |
         Starting iSCSI initiator daemon (iscsid)...
[[0;32m  OK  [0m] Reached target System Initialization.
[[0;32m  OK  [0m] Listening on D-Bus System Message Bus Socket.
         Starting Socket activation for snappy daemon.
[   17.787656] cloud-init[940]: +----[SHA256]-----+
[[0;32m  OK  [0m] Started Daily Cleanup of Temporary Directories.
[[0;32m  OK  [0m] Listening on ACPID Listen Socket.
[[0;32m  OK  [0m] Started Daily apt download activities.
[   17.852128] [[0;32m  OK  [0m] Started Daily apt upgrade and clean activities.
cloud-init[940]: Generating public/private ed25519 key pair.
[   17.855785] cloud-init[940]: Your identification has been saved in /etc/ssh/ssh_host_ed25519_key.
[   17.858330] cloud-init[940]: Your public key has been saved in /etc/ssh/ssh_host_ed25519_key.pub.
[   17.860968] cloud-init[940]: The key fingerprint is:
[   17.862750] cloud-init[940]: SHA256:EwdofnqvNIzR1lLGfP91JCHfs8UASE481+BWlYpZjiU root@ubuntu-xenial
[   17.865694] cloud-init         Starting LXD - unix socket.
[940]: The key's randomart image is:
[   17.868474] cloud-init[940]: +--[ED25519 256]--+
[   17.870246] cloud-init[940]: |       ..oo.+++.o|
[   17.872002] cloud-init[[0;32m  OK  [0m] Started Timer to automatically refresh installed snaps.
[[0;32m  OK  [0m] Listening on UUID daemon activation socket.
[940]: |      o  *+E.*.* |
[   17.878081] cloud-init[940]: |     o  . Bo% +.=|
[   17.880096] cloud-init[940]: |      ...* * + o+|
[[0;32m  OK  [0m] Started ACPI Events Check.
[[0;32m  OK  [0m] Reached target Paths.
[   17.887995] [[0;32m  OK  [0m] Reached target Timers.
[[0;32m  OK  [0m] Reached target Cloud-config availability.
cloud-init[940]: |      .oS .   ..o|
[   17.896192] cloud-init[940]: |      .=.o     .o|
[   17.900164] cloud-init[940]: |      ..+.      .|
[   17.932969] cloud-init[940]: [[0;32m  OK  [0m] Listening on Socket activation for snappy daemon.
[[0;32m  OK  [0m] Listening on LXD - unix socket.
|       . ..      |
[[0;32m  OK  [0m] Started iSCSI initiator daemon (iscsid).
[   17.955672] cloud-init[940]: |        ..       |
         Starting Login to default iSCSI targets...
[   17.990286] [[0;32m  OK  [0m] Reached target Sockets.
[[0;32m  OK  [0m] Reached target Basic System.
cloud-init[940]: +----[SHA256]-----+
         Starting Accounts Service...
         Starting /etc/rc.local Compatibility...
[[0;32m  OK  [0m] Started Regular background program processing daemon.
[[0;32m  OK  [0m] Started Unattended Upgrades Shutdown.
[[0;32m  OK  [0m] Started Deferred execution scheduler.
         Starting LSB: Record successful boot for GRUB...
         Starting Pollinate to seed the pseudo random number generator...
         Starting Apply the settings specified in cloud-config...
         Starting LSB: MD monitoring daemon...
         Starting LXD - container startup/shutdown...
[[0;32m  OK  [0m] Started FUSE filesystem for LXC.
         Starting Login Service...
[[0;32m  OK  [0m] Started ACPI event daemon.
[[0;32m  OK  [0m] Started D-Bus System Message Bus.
         Starting Snappy daemon...
         Starting System Logging Service...
[[0;32m  OK  [0m] Started /etc/rc.local Compatibility.
[[0;32m  OK  [0m] Started Login Service.
         Starting Authenticate and Authorize Users to Run Privileged Tasks...
[[0;32m  OK  [0m] Started LSB: MD monitoring daemon.
[[0;32m  OK  [0m] Started Login to default iSCSI targets.
[[0;32m  OK  [0m] Started LSB: Record successful boot for GRUB.
[[0;32m  OK  [0m] Started System Logging Service.
[[0;32m  OK  [0m] Reached target Remote File Systems (Pre).
[[0;32m  OK  [0m] Reached target Remote File Systems.
         Starting LSB: Set the CPU Frequency Scaling governor to "ondemand"...
         Starting Permit User Sessions...
         Starting LSB: VirtualBox Linux Additions...
         Starting LSB: daemon to balance interrupts for SMP systems...
         Starting LSB: automatic crash report generation...
[[0;32m  OK  [0m] Started Permit User Sessions.
[[0;32m  OK  [0m] Started Authenticate and Authorize Users to Run Privileged Tasks.
[[0;32m  OK  [0m] Started Accounts Service.
[[0;32m  OK  [0m] Started LSB: Set the CPU Frequency Scaling governor to "ondemand".
         Starting Hold until boot process finishes up...
         Starting Terminate Plymouth Boot Screen...
[[0;32m  OK  [0m] Started LSB: daemon to balance interrupts for SMP systems.
[[0;32m  OK  [0m] Started LSB: automatic crash report generation.
[[0;32m  OK  [0m] Started Hold until boot process finishes up.
[[0;32m  OK  [0m] Started Terminate Plymouth Boot Screen.
[[0;32m  OK  [0m] Started Getty on tty1.
         Starting Set console scheme...
[[0;32m  OK  [0m] Started Serial Getty on ttyS0.
[[0;32m  OK  [0m] Reached target Login Prompts.
[[0;32m  OK  [0m] Started Set console scheme.
[[0;32m  OK  [0m] Started LSB: VirtualBox Linux Additions.
[[0;32m  OK  [0m] Started LXD - container startup/shutdown.
[   19.937635] cloud-init[1057]: Generating locales (this might take a while)...
[[0;32m  OK  [0m] Started Snappy daemon.
[[0;32m  OK  [0m] Started Pollinate to seed the pseudo random number generator.
         Starting OpenBSD Secure Shell server...
[[0;32m  OK  [0m] Started OpenBSD Secure Shell server.
[[0;32m  OK  [0m] Reached target Multi-User System.
[[0;32m  OK  [0m] Reached target Graphical Interface.
         Starting Update UTMP about System Runlevel Changes...
[[0;32m  OK  [0m] Started Update UTMP about System Runlevel Changes.
[[0;32m  OK  [0m] Created slice User Slice of vagrant.
         Starting User Manager for UID 1000...
[[0;32m  OK  [0m] Started Session 1 of user vagrant.
[[0;32m  OK  [0m] Started User Manager for UID 1000.
[   21.643642] cloud-init[1057]:   en_US.UTF-8... done
[   21.647458] cloud-init[1057]: Generation complete.
[   22.576583] cloud-init[1057]: Cloud-init v. 17.1 running 'modules:config' at Fri, 16 Feb 2018 22:41:39 +0000. Up 19.14 seconds.
[[0;32m  OK  [0m] Started Apply the settings specified in cloud-config.
         Starting Execute cloud user/final scripts...
ci-info: no authorized ssh keys fingerprints found for user ubuntu.
<14>Feb 16 22:41:44 ec2: 
<14>Feb 16 22:41:44 ec2: #############################################################
<14>Feb 16 22:41:44 ec2: -----BEGIN SSH HOST KEY FINGERPRINTS-----
<14>Feb 16 22:41:44 ec2: 1024 SHA256:lt7tiYotfqKT3LFv1if0vK5uS7+HGUiWHZgK/6XOyHE root@ubuntu-xenial (DSA)
<14>Feb 16 22:41:44 ec2: 256 SHA256:TzHeElgJkhEB8u9+Gk78lNBTTyi1cCFQADBnWlkKgiI root@ubuntu-xenial (ECDSA)
<14>Feb 16 22:41:44 ec2: 256 SHA256:EwdofnqvNIzR1lLGfP91JCHfs8UASE481+BWlYpZjiU root@ubuntu-xenial (ED25519)
<14>Feb 16 22:41:44 ec2: 2048 SHA256:mtqjlFPmhVKyWSTAvhp45MgVsvqGxSdUENZZH6YRP9A root@ubuntu-xenial (RSA)
<14>Feb 16 22:41:44 ec2: -----END SSH HOST KEY FINGERPRINTS-----
<14>Feb 16 22:41:44 ec2: #############################################################
-----BEGIN SSH HOST KEY KEYS-----
ecdsa-sha2-nistp256 AAAAE2VjZHNhLXNoYTItbmlzdHAyNTYAAAAIbmlzdHAyNTYAAABBBN63PwEGcd42i4refy37rZ9If6lov0jEAsWeeHmchcpvAJTFjZME2zP6/yD8GTHqhy3i3xFAeXuWTlGP68ZU1BQ= root@ubuntu-xenial
ssh-ed25519 AAAAC3NzaC1lZDI1NTE5AAAAIBIyivWwLBFl/R7cZVHvYefKDxvPWU3FLZNnKNAuTFDH root@ubuntu-xenial
ssh-rsa AAAAB3NzaC1yc2EAAAADAQABAAABAQDCWzstYb/YVdJtyET9mWg382iZb1QDivvqI0zfkVURjWt6a5UgTY+KV0gEyw973pFXD4/Xxe7jK7YkVEW/JH5YsonZJC4W1YpjCWqtujt9A0GDTeENNGAHeDwKVGTTBH2gbk2bOI91GqIE9kUrw7SKP2yvSKkKll/ZeVq5udU/fzAdMVq2RIOUCgXByX1nlmX4//X9vQbdsmulDCUFqBT+JAatuAVOILtQ+8FLSltU4kkAtwyopK89eQrSdKfXWUXl0vII7Fb2hewJfn1v0JdTiNPUadbNFpnCBZQ0yj7d6vDu00F8WBOIAN7TIOAo/HTGzHozSaBIkFGxFkDB6YnH root@ubuntu-xenial
-----END SSH HOST KEY KEYS-----
[   23.402228] cloud-init[1390]: Cloud-init v. 17.1 running 'modules:final' at Fri, 16 Feb 2018 22:41:43 +0000. Up 23.12 seconds.
[   23.480534] [cloud-init[0;32m  OK  [0m[1390]: ] ci-info: no authorized ssh keys fingerprints found for user ubuntu.Started Execute cloud user/final scripts.

[   23.481306] cloud-init[1390]: Cloud-init v. 17.1 finished at Fri, 16 Feb 2018 22:41:44 +0000. Datasource DataSourceNoCloud [seed=/dev/sdb][dsmode=net].  Up 23.38 seconds
[[0;32m  OK  [0m] Reached target Cloud-init target.

Ubuntu 16.04.3 LTS ubuntu-xenial ttyS0

ubuntu-xenial login: 